[INFO] Train files: total=69 (syn=54 + real*15=15) | unique=55 | Val files: 5 | Voxel=0.1 m
  Ground      : 31.08%
  Vegetation  : 20.73%
  Road        :  8.90%
  Vehicle     :  2.53%
  Building    : 18.00%
  Clutter     :  0.54%
  Ground      : 16.91%
  Vegetation  : 25.61%
  Road        :  0.46%
  Vehicle     :  1.73%
  Building    : 11.21%
  Clutter     :  1.04%
[E01] [1070.4s | avg1070.4s | eta~1141.7m | lr=5.00e-05] tr_loss=15.2452 tr_acc=35.61% | val_loss=11.9439 val_acc=30.04% | val/miou=9.49% | files[0:15] real_in_subset=2
  Ground      : 41.34%
  Vegetation  : 20.79%
  Road        : 12.09%
  Vehicle     :  4.20%
  Building    : 34.38%
  Clutter     :  0.50%
  Ground      : 12.31%
  Vegetation  : 23.29%
  Road        :  0.97%
  Vehicle     :  1.45%
  Building    : 13.66%
  Clutter     :  0.36%
[E02] [1059.2s | avg1064.8s | eta~1118.0m | lr=1.00e-04] tr_loss=4.3402 tr_acc=46.56% | val_loss=9.5436 val_acc=28.69% | val/miou=8.67% | files[25:40] real_in_subset=3
  Ground      : 47.63%
  Vegetation  : 28.60%
  Road        : 17.12%
  Vehicle     :  6.42%
  Building    : 45.15%
  Clutter     :  1.09%
  Ground      : 26.07%
  Vegetation  : 25.75%
  Road        :  0.01%
  Vehicle     :  0.01%
  Building    :  2.10%
  Clutter     :  0.00%
[E03] [1072.7s | avg1067.4s | eta~1103.0m | lr=1.00e-04] tr_loss=2.1255 tr_acc=54.08% | val_loss=8.9863 val_acc=30.56% | val/miou=8.99% | files[50:65] real_in_subset=5
[CKPT] saved: /home/erdem/stpls3d-lite/checkpoints/randla_like_e03_miou8.99.pt
  Ground      : 49.17%
  Vegetation  : 38.70%
  Road        : 17.02%
  Vehicle     :  7.18%
  Building    : 41.87%
  Clutter     :  0.57%
  Ground      : 16.82%
  Vegetation  : 23.77%
  Road        :  0.00%
  Vehicle     :  0.00%
  Building    :  1.18%
  Clutter     :  0.09%
[E04] [1086.4s | avg1072.2s | eta~1090.0m | lr=9.99e-05] tr_loss=1.4773 tr_acc=56.91% | val_loss=6.2611 val_acc=26.16% | val/miou=6.98% | files[6:21] real_in_subset=4
  Ground      : 55.25%
  Vegetation  : 34.90%
  Road        : 14.99%
  Vehicle     :  6.32%
  Building    : 46.25%
  Clutter     :  0.57%
  Ground      :  8.69%
  Vegetation  : 25.02%
  Road        :  0.02%
  Vehicle     :  0.05%
  Building    :  0.05%
  Clutter     :  0.69%
[E05] [1030.8s | avg1063.9s | eta~1063.9m | lr=9.98e-05] tr_loss=1.2623 tr_acc=60.79% | val_loss=6.6156 val_acc=25.30% | val/miou=5.75% | files[31:46] real_in_subset=3
  Ground      : 60.03%
  Vegetation  : 40.84%
  Road        : 13.64%
  Vehicle     :  7.17%
  Building    : 41.39%
  Clutter     :  1.15%
  Ground      :  4.89%
  Vegetation  : 25.02%
  Road        :  0.00%
  Vehicle     :  0.06%
  Building    :  0.10%
  Clutter     :  0.00%
[E06] [1069.5s | avg1064.8s | eta~1047.1m | lr=9.94e-05] tr_loss=1.0587 tr_acc=63.79% | val_loss=5.5254 val_acc=25.75% | val/miou=5.01% | files[56:71] real_in_subset=2
  Ground      : 50.62%
  Vegetation  : 40.93%
  Road        : 21.61%
  Vehicle     : 12.51%
  Building    : 48.43%
  Clutter     :  0.27%
  Ground      :  1.52%
  Vegetation  : 23.24%
  Road        :  0.00%
  Vehicle     :  0.00%
  Building    :  4.79%
  Clutter     :  0.00%
[E07] [1110.7s | avg1071.4s | eta~1035.7m | lr=9.90e-05] tr_loss=1.0976 tr_acc=60.70% | val_loss=5.7853 val_acc=24.71% | val/miou=4.92% | files[12:27] real_in_subset=5
  Ground      : 51.90%
  Vegetation  : 45.39%
  Road        : 19.56%
  Vehicle     : 11.32%
  Building    : 52.35%
  Clutter     :  5.75%
  Ground      :  2.78%
  Vegetation  : 23.65%
  Road        :  0.07%
  Vehicle     :  0.01%
  Building    :  7.30%
  Clutter     :  0.00%
[E08] [1052.0s | avg1069.0s | eta~1015.5m | lr=9.85e-05] tr_loss=1.1046 tr_acc=62.48% | val_loss=5.2093 val_acc=25.99% | val/miou=5.64% | files[37:52] real_in_subset=5
  Ground      : 59.45%
  Vegetation  : 42.77%
  Road        : 13.45%
  Vehicle     :  7.22%
  Building    : 44.77%
  Clutter     :  0.93%
  Ground      :  1.13%
  Vegetation  : 21.48%
  Road        :  0.01%
  Vehicle     :  0.00%
  Building    : 26.81%
  Clutter     :  0.00%
[E09] [1026.5s | avg1064.3s | eta~993.3m | lr=9.78e-05] tr_loss=0.9954 tr_acc=64.64% | val_loss=5.0172 val_acc=30.78% | val/miou=8.24% | files[62:77] real_in_subset=2
  Ground      : 57.37%
  Vegetation  : 37.01%
  Road        : 17.30%
  Vehicle     : 10.29%
  Building    : 51.29%
  Clutter     :  0.18%
  Ground      : 16.68%
  Vegetation  :  7.93%
  Road        :  0.00%
  Vehicle     :  0.00%
  Building    : 41.01%
  Clutter     :  0.00%
[E10] [1078.4s | avg1065.7s | eta~976.9m | lr=9.70e-05] tr_loss=0.9802 tr_acc=64.12% | val_loss=4.3402 val_acc=37.97% | val/miou=10.94% | files[18:33] real_in_subset=3
[CKPT] saved: /home/erdem/stpls3d-lite/checkpoints/randla_like_e10_miou10.94.pt
  Ground      : 52.68%
  Vegetation  : 49.02%
  Road        : 20.52%
  Vehicle     : 15.42%
  Building    : 55.68%
  Clutter     :  5.15%
  Ground      : 12.54%
  Vegetation  : 25.31%
  Road        :  0.00%
  Vehicle     :  0.00%
  Building    :  4.55%
  Clutter     :  0.01%
[E11] [1056.9s | avg1064.9s | eta~958.4m | lr=9.61e-05] tr_loss=1.0478 tr_acc=64.66% | val_loss=4.7572 val_acc=28.26% | val/miou=7.07% | files[43:58] real_in_subset=5
  Ground      : 60.22%
  Vegetation  : 50.94%
  Road        : 13.77%
  Vehicle     :  9.07%
  Building    : 43.43%
  Clutter     :  1.25%
  Ground      :  0.82%
  Vegetation  : 20.30%
  Road        :  0.52%
  Vehicle     :  0.03%
  Building    : 27.47%
  Clutter     :  0.01%
[E12] [1050.4s | avg1063.7s | eta~939.6m | lr=9.50e-05] tr_loss=0.9521 tr_acc=66.58% | val_loss=4.4512 val_acc=30.33% | val/miou=8.19% | files[68:83] real_in_subset=2
  Ground      : 61.54%
  Vegetation  : 35.13%
  Road        : 13.15%
  Vehicle     :  7.78%
  Building    : 51.43%
  Clutter     :  0.06%
  Ground      :  4.61%
  Vegetation  : 24.05%
  Road        :  0.00%
  Vehicle     :  0.00%
  Building    :  9.86%
  Clutter     :  0.00%
[E13] [1029.9s | avg1061.1s | eta~919.6m | lr=9.39e-05] tr_loss=0.9658 tr_acc=66.07% | val_loss=7.3411 val_acc=27.52% | val/miou=6.42% | files[24:39] real_in_subset=2
  Ground      : 58.83%
  Vegetation  : 46.83%
  Road        : 22.33%
  Vehicle     : 16.46%
  Building    : 58.38%
  Clutter     :  1.47%
  Ground      : 26.81%
  Vegetation  : 23.05%
  Road        :  0.00%
  Vehicle     :  0.00%
  Building    : 26.42%
  Clutter     :  0.03%
[E14] [1037.2s | avg1059.4s | eta~900.5m | lr=9.27e-05] tr_loss=0.9326 tr_acc=67.90% | val_loss=4.6516 val_acc=36.58% | val/miou=12.72% | files[49:64] real_in_subset=5
  Ground      : 56.05%
  Vegetation  : 50.05%
  Road        : 20.54%
  Vehicle     : 16.48%
  Building    : 49.04%
  Clutter     :  0.06%
  Ground      : 20.88%
  Vegetation  : 25.93%
  Road        :  0.00%
  Vehicle     :  0.00%
  Building    :  3.38%
  Clutter     :  0.00%
[E15] [1067.9s | avg1059.9s | eta~883.3m | lr=9.13e-05] tr_loss=0.9606 tr_acc=65.57% | val_loss=5.8048 val_acc=29.96% | val/miou=8.36% | files[5:20] real_in_subset=4
  Ground      : 58.61%
  Vegetation  : 39.48%
  Road        : 17.88%
  Vehicle     : 13.11%
  Building    : 54.89%
  Clutter     :  0.11%
  Ground      :  6.03%
  Vegetation  : 17.72%
  Road        :  0.00%
  Vehicle     :  0.12%
  Building    : 28.72%
  Clutter     :  0.00%
[E16] [1008.2s | avg1056.7s | eta~863.0m | lr=8.99e-05] tr_loss=0.9863 tr_acc=66.08% | val_loss=5.4814 val_acc=30.37% | val/miou=8.76% | files[30:45] real_in_subset=4
  Ground      : 61.77%
  Vegetation  : 43.59%
  Road        : 18.09%
  Vehicle     : 14.79%
  Building    : 48.65%
  Clutter     :  1.00%
  Ground      :  2.24%
  Vegetation  : 23.18%
  Road        :  0.00%
  Vehicle     :  0.00%
  Building    : 19.32%
  Clutter     :  0.00%
[E17] [1037.8s | avg1055.6s | eta~844.5m | lr=8.83e-05] tr_loss=0.9305 tr_acc=66.95% | val_loss=5.6920 val_acc=29.42% | val/miou=7.46% | files[55:70] real_in_subset=3
  Ground      : 52.15%
  Vegetation  : 44.58%
  Road        : 19.75%
  Vehicle     : 18.86%
  Building    : 51.28%
  Clutter     :  0.03%
  Ground      :  0.51%
  Vegetation  : 18.74%
  Road        :  0.00%
  Vehicle     :  0.01%
  Building    : 34.73%
  Clutter     :  0.00%
[E18] [1060.8s | avg1055.9s | eta~827.1m | lr=8.67e-05] tr_loss=0.9964 tr_acc=63.15% | val_loss=4.7570 val_acc=32.85% | val/miou=9.00% | files[11:26] real_in_subset=5
  Ground      : 54.69%
  Vegetation  : 49.84%
  Road        : 15.56%
  Vehicle     : 13.20%
  Building    : 53.48%
  Clutter     :  4.83%
  Ground      :  0.26%
  Vegetation  : 24.83%
  Road        :  0.00%
  Vehicle     :  0.01%
  Building    :  1.25%
  Clutter     :  0.00%
[E19] [1030.3s | avg1054.5s | eta~808.5m | lr=8.49e-05] tr_loss=1.0329 tr_acc=65.06% | val_loss=6.8611 val_acc=24.98% | val/miou=4.39% | files[36:51] real_in_subset=4
